{
  "version": "1.5.0",
  "plugins_used": [
    {
      "name": "ArtifactoryDetector"
    },
    {
      "name": "AWSKeyDetector"
    },
    {
      "name": "AzureStorageKeyDetector"
    },
    {
      "name": "Base64HighEntropyString",
      "limit": 4.5
    },
    {
      "name": "BasicAuthDetector"
    },
    {
      "name": "CloudantDetector"
    },
    {
      "name": "DiscordBotTokenDetector"
    },
    {
      "name": "GitHubTokenDetector"
    },
    {
      "name": "GitLabTokenDetector"
    },
    {
      "name": "HexHighEntropyString",
      "limit": 3.0
    },
    {
      "name": "IbmCloudIamDetector"
    },
    {
      "name": "IbmCosHmacDetector"
    },
    {
      "name": "IPPublicDetector"
    },
    {
      "name": "JwtTokenDetector"
    },
    {
      "name": "KeywordDetector",
      "keyword_exclude": ""
    },
    {
      "name": "MailchimpDetector"
    },
    {
      "name": "NpmDetector"
    },
    {
      "name": "OpenAIDetector"
    },
    {
      "name": "PrivateKeyDetector"
    },
    {
      "name": "PypiTokenDetector"
    },
    {
      "name": "SendGridDetector"
    },
    {
      "name": "SlackDetector"
    },
    {
      "name": "SoftlayerDetector"
    },
    {
      "name": "SquareOAuthDetector"
    },
    {
      "name": "StripeDetector"
    },
    {
      "name": "TelegramBotTokenDetector"
    },
    {
      "name": "TwilioKeyDetector"
    }
  ],
  "filters_used": [
    {
      "path": "detect_secrets.filters.allowlist.is_line_allowlisted"
    },
    {
      "path": "detect_secrets.filters.common.is_baseline_file",
      "filename": "/home/antonio/repos/vastai-gpu-runner/.secrets.baseline"
    },
    {
      "path": "detect_secrets.filters.common.is_ignored_due_to_verification_policies",
      "min_level": 2
    },
    {
      "path": "detect_secrets.filters.heuristic.is_indirect_reference"
    },
    {
      "path": "detect_secrets.filters.heuristic.is_likely_id_string"
    },
    {
      "path": "detect_secrets.filters.heuristic.is_lock_file"
    },
    {
      "path": "detect_secrets.filters.heuristic.is_not_alphanumeric_string"
    },
    {
      "path": "detect_secrets.filters.heuristic.is_potential_uuid"
    },
    {
      "path": "detect_secrets.filters.heuristic.is_prefixed_with_dollar_sign"
    },
    {
      "path": "detect_secrets.filters.heuristic.is_sequential_string"
    },
    {
      "path": "detect_secrets.filters.heuristic.is_swagger_file"
    },
    {
      "path": "detect_secrets.filters.heuristic.is_templated_secret"
    },
    {
      "path": "detect_secrets.filters.regex.should_exclude_file",
      "pattern": [
        ".secrets.baseline",
        "scripts/bootstrap/test_hooks.py"
      ]
    }
  ],
  "results": {
    ".gitleaks.toml": [
      {
        "type": "Secret Keyword",
        "filename": ".gitleaks.toml",
        "hashed_secret": "12201fe5e202883bd45fc97e87366ea05183e0e4",
        "is_verified": false,
        "line_number": 79
      },
      {
        "type": "Secret Keyword",
        "filename": ".gitleaks.toml",
        "hashed_secret": "063a748e6d04345754a0d1979d51dcdbd42e2540",
        "is_verified": false,
        "line_number": 80
      },
      {
        "type": "Secret Keyword",
        "filename": ".gitleaks.toml",
        "hashed_secret": "d8b7bab2c537ad71357297cee0ce9a1a3d330de6",
        "is_verified": false,
        "line_number": 82
      }
    ],
    "docs/api.md": [
      {
        "type": "Secret Keyword",
        "filename": "docs/api.md",
        "hashed_secret": "57ce9184dc220e950cbccabbd56caf56eed06463",
        "is_verified": false,
        "line_number": 182
      }
    ],
    "docs/architecture-v4-cleanup-policy.md": [
      {
        "type": "Secret Keyword",
        "filename": "docs/architecture-v4-cleanup-policy.md",
        "hashed_secret": "a62f2225bf70bfaccbc7f1ef2a397836717377de",
        "is_verified": false,
        "line_number": 2999
      }
    ],
    "tests/test_cli.py": [
      {
        "type": "Secret Keyword",
        "filename": "tests/test_cli.py",
        "hashed_secret": "d8b7bab2c537ad71357297cee0ce9a1a3d330de6",
        "is_verified": false,
        "line_number": 683
      }
    ],
    "tests/test_r2_lifecycle.py": [
      {
        "type": "Secret Keyword",
        "filename": "tests/test_r2_lifecycle.py",
        "hashed_secret": "d8b7bab2c537ad71357297cee0ce9a1a3d330de6",
        "is_verified": false,
        "line_number": 201
      },
      {
        "type": "Secret Keyword",
        "filename": "tests/test_r2_lifecycle.py",
        "hashed_secret": "12201fe5e202883bd45fc97e87366ea05183e0e4",
        "is_verified": false,
        "line_number": 233
      },
      {
        "type": "Secret Keyword",
        "filename": "tests/test_r2_lifecycle.py",
        "hashed_secret": "063a748e6d04345754a0d1979d51dcdbd42e2540",
        "is_verified": false,
        "line_number": 970
      }
    ]
  },
  "generated_at": "2026-08-03T04:04:56Z"
}
